/*
 * Copyright (c) 2023-2024 Huawei Device Co., Ltd.
 * Licensed under the Apache License, Version 2.0 (the "License");
 * you may not use this file except in compliance with the License.
 * You may obtain a copy of the License at
 *
 *     http://www.apache.org/licenses/LICENSE-2.0
 *
 * Unless required by applicable law or agreed to in writing, software
 * distributed under the License is distributed on an "AS IS" BASIS,
 * WITHOUT WARRANTIES OR CONDITIONS OF ANY KIND, either express or implied.
 * See the License for the specific language governing permissions and
 * limitations under the License.
 */

export declare class Letter {
    public static <cctor>(): void;
    public constructor(ordinal: number);
    public static readonly A: number;
    public static readonly B: number;
    public static readonly C: number;
    public getName(): string;
    public static getValueOf(name: string): number;
    public static fromValue(value: number): number;
    public valueOf(): number;
    public toString(): string;
    public static values(): number[];
    public getOrdinal(): number;
    public static $_get(e: number): string;
}

export declare class Color {
    public static <cctor>(): void;
    public constructor(ordinal: number);
    public static readonly Red: number;
    public static readonly Green: number;
    public static readonly Blue: number;
    public static readonly White: number;
    public getName(): string;
    public static getValueOf(name: string): number;
    public static fromValue(value: number): number;
    public valueOf(): number;
    public toString(): string;
    public static values(): number[];
    public getOrdinal(): number;
    public static $_get(e: number): string;
}

